[0.140s] Invoking command in '/home/strawberryshadow/Desktop/software-start-here/build/challenge': /usr/bin/cmake --build /home/strawberryshadow/Desktop/software-start-here/build/challenge -- -j12 -l12
[0.156s] -- Found ament_cmake: 1.2.1 (/opt/ros/rolling/share/ament_cmake/cmake)
[0.275s] -- Found rclcpp: 15.0.0 (/opt/ros/rolling/share/rclcpp/cmake)
[0.311s] -- Using all available rosidl_typesupport_c: rosidl_typesupport_introspection_c;rosidl_typesupport_fastrtps_c
[0.316s] -- Found rosidl_adapter: 3.0.1 (/opt/ros/rolling/share/rosidl_adapter/cmake)
[0.394s] -- Found OpenSSL: /usr/lib/x86_64-linux-gnu/libcrypto.so (found version "1.1.1f")  
[0.415s] -- Found FastRTPS: /opt/ros/foxy/include  
[0.466s] -- Using all available rosidl_typesupport_cpp: rosidl_typesupport_introspection_cpp;rosidl_typesupport_fastrtps_cpp
[0.512s] -- Found rmw_implementation_cmake: 5.1.0 (/opt/ros/rolling/share/rmw_implementation_cmake/cmake)
[0.515s] -- Found rmw_cyclonedds_cpp: 1.1.2 (/opt/ros/rolling/share/rmw_cyclonedds_cpp/cmake)
[0.532s] -- Using RMW implementation 'rmw_cyclonedds_cpp' as default
[0.651s] -- Found ament_lint_auto: 0.9.8 (/opt/ros/foxy/share/ament_lint_auto/cmake)
[0.683s] Error parsing '/home/strawberryshadow/Desktop/software-start-here/src/challenge/package.xml':
[0.764s] Traceback (most recent call last):
[0.764s]   File "/usr/lib/python3/dist-packages/catkin_pkg/package.py", line 610, in parse_package_string
[0.764s]     root = dom.parseString(data)
[0.764s]   File "/usr/lib/python3.8/xml/dom/minidom.py", line 1969, in parseString
[0.764s]     return expatbuilder.parseString(string)
[0.764s]   File "/usr/lib/python3.8/xml/dom/expatbuilder.py", line 925, in parseString
[0.764s]     return builder.parseString(string)
[0.764s]   File "/usr/lib/python3.8/xml/dom/expatbuilder.py", line 223, in parseString
[0.764s]     parser.Parse(string, True)
[0.764s] xml.parsers.expat.ExpatError: mismatched tag: line 20, column 2
[0.764s] 
[0.764s] During handling of the above exception, another exception occurred:
[0.764s] 
[0.765s] Traceback (most recent call last):
[0.765s]   File "/opt/ros/rolling/share/ament_cmake_core/cmake/core/package_xml_2_cmake.py", line 150, in <module>
[0.765s]     main()
[0.765s]   File "/opt/ros/rolling/share/ament_cmake_core/cmake/core/package_xml_2_cmake.py", line 53, in main
[0.765s]     raise e
[0.765s]   File "/opt/ros/rolling/share/ament_cmake_core/cmake/core/package_xml_2_cmake.py", line 49, in main
[0.765s]     package = parse_package_string(
[0.765s]   File "/usr/lib/python3/dist-packages/catkin_pkg/package.py", line 612, in parse_package_string
[0.765s]     raise InvalidPackage('The manifest contains invalid XML:\n%s' % ex, filename)
[0.765s] catkin_pkg.package.InvalidPackage: Error(s) in package '/home/strawberryshadow/Desktop/software-start-here/src/challenge/package.xml':
[0.765s] The manifest contains invalid XML:
[0.765s] mismatched tag: line 20, column 2
[0.778s] CMake Error at /opt/ros/rolling/share/ament_cmake_core/cmake/core/ament_package_xml.cmake:95 (message):
[0.778s]   execute_process(/usr/bin/python3.8
[0.778s]   /opt/ros/rolling/share/ament_cmake_core/cmake/core/package_xml_2_cmake.py
[0.778s]   /home/strawberryshadow/Desktop/software-start-here/src/challenge/package.xml
[0.778s]   /home/strawberryshadow/Desktop/software-start-here/build/challenge/ament_cmake_core/package.cmake)
[0.778s]   returned error code 1
[0.778s] Call Stack (most recent call first):
[0.778s]   /opt/ros/rolling/share/ament_cmake_core/cmake/core/ament_package_xml.cmake:49 (_ament_package_xml)
[0.778s]   /opt/ros/foxy/share/ament_lint_auto/cmake/ament_lint_auto_find_test_dependencies.cmake:31 (ament_package_xml)
[0.778s]   CMakeLists.txt:43 (ament_lint_auto_find_test_dependencies)
[0.778s] 
[0.778s] 
[0.779s] -- Configuring incomplete, errors occurred!
[0.779s] See also "/home/strawberryshadow/Desktop/software-start-here/build/challenge/CMakeFiles/CMakeOutput.log".
[0.783s] make: *** [Makefile:266: cmake_check_build_system] Error 1
[0.785s] Invoked command in '/home/strawberryshadow/Desktop/software-start-here/build/challenge' returned '2': /usr/bin/cmake --build /home/strawberryshadow/Desktop/software-start-here/build/challenge -- -j12 -l12
