[0.000000] (-) TimerEvent: {}
[0.000110] (challenge) JobQueued: {'identifier': 'challenge', 'dependencies': OrderedDict()}
[0.000131] (challenge) JobStarted: {'identifier': 'challenge'}
[0.099838] (-) TimerEvent: {}
[0.136340] (challenge) JobProgress: {'identifier': 'challenge', 'progress': 'cmake'}
[0.136779] (challenge) JobProgress: {'identifier': 'challenge', 'progress': 'build'}
[0.137232] (challenge) Command: {'cmd': ['/usr/bin/cmake', '--build', '/home/strawberryshadow/Desktop/software-start-here/build/challenge', '--', '-j12', '-l12'], 'cwd': '/home/strawberryshadow/Desktop/software-start-here/build/challenge', 'env': OrderedDict([('GJS_DEBUG_TOPICS', 'JS ERROR;JS LOG'), ('LESSOPEN', '| /usr/bin/lesspipe %s'), ('LANGUAGE', 'en_CA:en'), ('USER', 'strawberryshadow'), ('SSH_AGENT_PID', '1689'), ('XDG_SESSION_TYPE', 'x11'), ('SHLVL', '1'), ('LD_LIBRARY_PATH', '/home/strawberryshadow/Desktop/triton/install/triton_gate/lib:/home/strawberryshadow/Desktop/triton/install/triton_vision_utils/lib:/home/strawberryshadow/Desktop/triton/install/triton_object_recognition/lib:/home/strawberryshadow/Desktop/triton/install/triton_gazebo/lib:/home/strawberryshadow/Desktop/triton/install/triton_example/lib:/home/strawberryshadow/Desktop/triton/install/triton_controls/lib:/home/strawberryshadow/Desktop/triton/install/triton_interfaces/lib:/opt/ros/rolling/opt/yaml_cpp_vendor/lib:/opt/ros/rolling/lib/x86_64-linux-gnu:/opt/ros/rolling/lib:/usr/lib/x86_64-linux-gnu/gazebo-11/plugins:/opt/ros/foxy/opt/yaml_cpp_vendor/lib:/opt/ros/foxy/opt/rviz_ogre_vendor/lib:/opt/ros/foxy/lib/x86_64-linux-gnu:/opt/ros/foxy/lib:/usr/lib/x86_64-linux-gnu/gazebo-11/plugins:'), ('HOME', '/home/strawberryshadow'), ('OLDPWD', '/home/strawberryshadow/Desktop/software-start-here/src/challenge'), ('DESKTOP_SESSION', 'ubuntu'), ('GAZEBO_MASTER_URI', 'http://localhost:11345'), ('ROS_PYTHON_VERSION', '3'), ('GNOME_SHELL_SESSION_MODE', 'ubuntu'), ('GTK_MODULES', 'gail:atk-bridge'), ('MANAGERPID', '1516'), ('DBUS_SESSION_BUS_ADDRESS', 'unix:path=/run/user/1000/bus'), ('COLORTERM', 'truecolor'), ('IM_CONFIG_PHASE', '1'), ('COLCON_PREFIX_PATH', '/home/strawberryshadow/Desktop/triton/install'), ('ROS_DISTRO', 'foxy'), ('LOGNAME', 'strawberryshadow'), ('JOURNAL_STREAM', '8:35355'), ('_', '/usr/bin/colcon'), ('ROS_VERSION', '2'), ('XDG_SESSION_CLASS', 'user'), ('USERNAME', 'strawberryshadow'), ('TERM', 'xterm-256color'), ('GAZEBO_MODEL_PATH', '/usr/share/gazebo-11/models:'), ('GNOME_DESKTOP_SESSION_ID', 'this-is-deprecated'), ('ROS_LOCALHOST_ONLY', '0'), ('WINDOWPATH', '2'), ('OGRE_RESOURCE_PATH', '/usr/lib/x86_64-linux-gnu/OGRE-1.9.0'), ('PATH', '/opt/ros/rolling/bin:/opt/ros/foxy/bin:/usr/local/sbin:/usr/local/bin:/usr/sbin:/usr/bin:/sbin:/bin:/usr/games:/usr/local/games:/snap/bin'), ('SESSION_MANAGER', 'local/lwspectre:@/tmp/.ICE-unix/1776,unix/lwspectre:/tmp/.ICE-unix/1776'), ('INVOCATION_ID', '4fcb0e7c9c17490787dae5aff5666a31'), ('XDG_MENU_PREFIX', 'gnome-'), ('GNOME_TERMINAL_SCREEN', '/org/gnome/Terminal/screen/25d0bd0c_8e25_40f4_b1c1_ca06fb0c97af'), ('XDG_RUNTIME_DIR', '/run/user/1000'), ('DISPLAY', ':1'), ('LANG', 'en_CA.UTF-8'), ('XDG_CURRENT_DESKTOP', 'ubuntu:GNOME'), ('XMODIFIERS', '@im=ibus'), ('XDG_SESSION_DESKTOP', 'ubuntu'), ('XAUTHORITY', '/run/user/1000/gdm/Xauthority'), ('LS_COLORS', 'rs=0:di=01;34:ln=01;36:mh=00:pi=40;33:so=01;35:do=01;35:bd=40;33;01:cd=40;33;01:or=40;31;01:mi=00:su=37;41:sg=30;43:ca=30;41:tw=30;42:ow=34;42:st=37;44:ex=01;32:*.tar=01;31:*.tgz=01;31:*.arc=01;31:*.arj=01;31:*.taz=01;31:*.lha=01;31:*.lz4=01;31:*.lzh=01;31:*.lzma=01;31:*.tlz=01;31:*.txz=01;31:*.tzo=01;31:*.t7z=01;31:*.zip=01;31:*.z=01;31:*.dz=01;31:*.gz=01;31:*.lrz=01;31:*.lz=01;31:*.lzo=01;31:*.xz=01;31:*.zst=01;31:*.tzst=01;31:*.bz2=01;31:*.bz=01;31:*.tbz=01;31:*.tbz2=01;31:*.tz=01;31:*.deb=01;31:*.rpm=01;31:*.jar=01;31:*.war=01;31:*.ear=01;31:*.sar=01;31:*.rar=01;31:*.alz=01;31:*.ace=01;31:*.zoo=01;31:*.cpio=01;31:*.7z=01;31:*.rz=01;31:*.cab=01;31:*.wim=01;31:*.swm=01;31:*.dwm=01;31:*.esd=01;31:*.jpg=01;35:*.jpeg=01;35:*.mjpg=01;35:*.mjpeg=01;35:*.gif=01;35:*.bmp=01;35:*.pbm=01;35:*.pgm=01;35:*.ppm=01;35:*.tga=01;35:*.xbm=01;35:*.xpm=01;35:*.tif=01;35:*.tiff=01;35:*.png=01;35:*.svg=01;35:*.svgz=01;35:*.mng=01;35:*.pcx=01;35:*.mov=01;35:*.mpg=01;35:*.mpeg=01;35:*.m2v=01;35:*.mkv=01;35:*.webm=01;35:*.ogm=01;35:*.mp4=01;35:*.m4v=01;35:*.mp4v=01;35:*.vob=01;35:*.qt=01;35:*.nuv=01;35:*.wmv=01;35:*.asf=01;35:*.rm=01;35:*.rmvb=01;35:*.flc=01;35:*.avi=01;35:*.fli=01;35:*.flv=01;35:*.gl=01;35:*.dl=01;35:*.xcf=01;35:*.xwd=01;35:*.yuv=01;35:*.cgm=01;35:*.emf=01;35:*.ogv=01;35:*.ogx=01;35:*.aac=00;36:*.au=00;36:*.flac=00;36:*.m4a=00;36:*.mid=00;36:*.midi=00;36:*.mka=00;36:*.mp3=00;36:*.mpc=00;36:*.ogg=00;36:*.ra=00;36:*.wav=00;36:*.oga=00;36:*.opus=00;36:*.spx=00;36:*.xspf=00;36:'), ('GNOME_TERMINAL_SERVICE', ':1.108'), ('SSH_AUTH_SOCK', '/run/user/1000/keyring/ssh'), ('ROS_DOMAIN_ID', '1'), ('AMENT_PREFIX_PATH', '/home/strawberryshadow/Desktop/triton/install/triton_gate:/home/strawberryshadow/Desktop/triton/install/triton_vision_utils:/home/strawberryshadow/Desktop/triton/install/triton_teleop:/home/strawberryshadow/Desktop/triton/install/triton_pipeline:/home/strawberryshadow/Desktop/triton/install/triton_pid_controller:/home/strawberryshadow/Desktop/triton/install/triton_object_recognition:/home/strawberryshadow/Desktop/triton/install/triton_gazebo:/home/strawberryshadow/Desktop/triton/install/triton_example:/home/strawberryshadow/Desktop/triton/install/triton_controls:/home/strawberryshadow/Desktop/triton/install/triton_interfaces:/home/strawberryshadow/Desktop/triton/install/triton_bringup:/opt/ros/rolling:/opt/ros/foxy'), ('SHELL', '/bin/bash'), ('QT_ACCESSIBILITY', '1'), ('GDMSESSION', 'ubuntu'), ('LESSCLOSE', '/usr/bin/lesspipe %s %s'), ('GPG_AGENT_INFO', '/run/user/1000/gnupg/S.gpg-agent:0:1'), ('GAZEBO_RESOURCE_PATH', '/usr/share/gazebo-11:'), ('GJS_DEBUG_OUTPUT', 'stderr'), ('GAZEBO_MODEL_DATABASE_URI', 'http://models.gazebosim.org'), ('QT_IM_MODULE', 'ibus'), ('PWD', '/home/strawberryshadow/Desktop/software-start-here/build/challenge'), ('XDG_CONFIG_DIRS', '/etc/xdg/xdg-ubuntu:/etc/xdg'), ('GAZEBO_PLUGIN_PATH', '/usr/lib/x86_64-linux-gnu/gazebo-11/plugins:'), ('RCUTILS_COLORIZED_OUTPUT', '1'), ('XDG_DATA_DIRS', '/usr/share/ubuntu:/usr/local/share/:/usr/share/:/var/lib/snapd/desktop'), ('PYTHONPATH', '/home/strawberryshadow/Desktop/triton/install/triton_teleop/lib/python3.8/site-packages:/home/strawberryshadow/Desktop/triton/install/triton_pipeline/lib/python3.8/site-packages:/home/strawberryshadow/Desktop/triton/install/triton_gazebo/lib/python3.8/site-packages:/home/strawberryshadow/Desktop/triton/install/triton_controls/lib/python3.8/site-packages:/home/strawberryshadow/Desktop/triton/install/triton_interfaces/lib/python3.8/site-packages:/home/strawberryshadow/Desktop/triton/install/triton_bringup/lib/python3.8/site-packages:/opt/ros/rolling/lib/python3.8/site-packages:/opt/ros/foxy/lib/python3.8/site-packages'), ('COLCON', '1'), ('VTE_VERSION', '6003'), ('CMAKE_PREFIX_PATH', '/home/strawberryshadow/Desktop/triton/install/triton_gate:/home/strawberryshadow/Desktop/triton/install/triton_vision_utils:/home/strawberryshadow/Desktop/triton/install/triton_pid_controller:/home/strawberryshadow/Desktop/triton/install/triton_object_recognition:/home/strawberryshadow/Desktop/triton/install/triton_gazebo:/home/strawberryshadow/Desktop/triton/install/triton_example:/home/strawberryshadow/Desktop/triton/install/triton_controls:/home/strawberryshadow/Desktop/triton/install/triton_interfaces')]), 'shell': False}
[0.156491] (challenge) StdoutLine: {'line': b'-- Found ament_cmake: 1.2.1 (/opt/ros/rolling/share/ament_cmake/cmake)\n'}
[0.199959] (-) TimerEvent: {}
[0.275139] (challenge) StdoutLine: {'line': b'-- Found rclcpp: 15.0.0 (/opt/ros/rolling/share/rclcpp/cmake)\n'}
[0.300037] (-) TimerEvent: {}
[0.311116] (challenge) StdoutLine: {'line': b'-- Using all available rosidl_typesupport_c: rosidl_typesupport_introspection_c;rosidl_typesupport_fastrtps_c\n'}
[0.315872] (challenge) StdoutLine: {'line': b'-- Found rosidl_adapter: 3.0.1 (/opt/ros/rolling/share/rosidl_adapter/cmake)\n'}
[0.393515] (challenge) StdoutLine: {'line': b'-- Found OpenSSL: /usr/lib/x86_64-linux-gnu/libcrypto.so (found version "1.1.1f")  \n'}
[0.400111] (-) TimerEvent: {}
[0.415408] (challenge) StdoutLine: {'line': b'-- Found FastRTPS: /opt/ros/foxy/include  \n'}
[0.465845] (challenge) StdoutLine: {'line': b'-- Using all available rosidl_typesupport_cpp: rosidl_typesupport_introspection_cpp;rosidl_typesupport_fastrtps_cpp\n'}
[0.500202] (-) TimerEvent: {}
[0.512182] (challenge) StdoutLine: {'line': b'-- Found rmw_implementation_cmake: 5.1.0 (/opt/ros/rolling/share/rmw_implementation_cmake/cmake)\n'}
[0.514828] (challenge) StdoutLine: {'line': b'-- Found rmw_cyclonedds_cpp: 1.1.2 (/opt/ros/rolling/share/rmw_cyclonedds_cpp/cmake)\n'}
[0.532090] (challenge) StdoutLine: {'line': b"-- Using RMW implementation 'rmw_cyclonedds_cpp' as default\n"}
[0.600308] (-) TimerEvent: {}
[0.650567] (challenge) StdoutLine: {'line': b'-- Found ament_lint_auto: 0.9.8 (/opt/ros/foxy/share/ament_lint_auto/cmake)\n'}
[0.682964] (challenge) StderrLine: {'line': b"Error parsing '/home/strawberryshadow/Desktop/software-start-here/src/challenge/package.xml':\n"}
[0.700394] (-) TimerEvent: {}
[0.763774] (challenge) StderrLine: {'line': b'Traceback (most recent call last):\n'}
[0.763951] (challenge) StderrLine: {'line': b'  File "/usr/lib/python3/dist-packages/catkin_pkg/package.py", line 610, in parse_package_string\n'}
[0.764030] (challenge) StderrLine: {'line': b'    root = dom.parseString(data)\n'}
[0.764092] (challenge) StderrLine: {'line': b'  File "/usr/lib/python3.8/xml/dom/minidom.py", line 1969, in parseString\n'}
[0.764152] (challenge) StderrLine: {'line': b'    return expatbuilder.parseString(string)\n'}
[0.764211] (challenge) StderrLine: {'line': b'  File "/usr/lib/python3.8/xml/dom/expatbuilder.py", line 925, in parseString\n'}
[0.764267] (challenge) StderrLine: {'line': b'    return builder.parseString(string)\n'}
[0.764322] (challenge) StderrLine: {'line': b'  File "/usr/lib/python3.8/xml/dom/expatbuilder.py", line 223, in parseString\n'}
[0.764376] (challenge) StderrLine: {'line': b'    parser.Parse(string, True)\n'}
[0.764428] (challenge) StderrLine: {'line': b'xml.parsers.expat.ExpatError: mismatched tag: line 20, column 2\n'}
[0.764480] (challenge) StderrLine: {'line': b'\n'}
[0.764532] (challenge) StderrLine: {'line': b'During handling of the above exception, another exception occurred:\n'}
[0.764583] (challenge) StderrLine: {'line': b'\n'}
[0.764636] (challenge) StderrLine: {'line': b'Traceback (most recent call last):\n'}
[0.764687] (challenge) StderrLine: {'line': b'  File "/opt/ros/rolling/share/ament_cmake_core/cmake/core/package_xml_2_cmake.py", line 150, in <module>\n'}
[0.764739] (challenge) StderrLine: {'line': b'    main()\n'}
[0.764793] (challenge) StderrLine: {'line': b'  File "/opt/ros/rolling/share/ament_cmake_core/cmake/core/package_xml_2_cmake.py", line 53, in main\n'}
[0.764849] (challenge) StderrLine: {'line': b'    raise e\n'}
[0.764901] (challenge) StderrLine: {'line': b'  File "/opt/ros/rolling/share/ament_cmake_core/cmake/core/package_xml_2_cmake.py", line 49, in main\n'}
[0.764952] (challenge) StderrLine: {'line': b'    package = parse_package_string(\n'}
[0.765003] (challenge) StderrLine: {'line': b'  File "/usr/lib/python3/dist-packages/catkin_pkg/package.py", line 612, in parse_package_string\n'}
[0.765057] (challenge) StderrLine: {'line': b"    raise InvalidPackage('The manifest contains invalid XML:\\n%s' % ex, filename)\n"}
[0.765109] (challenge) StderrLine: {'line': b"catkin_pkg.package.InvalidPackage: Error(s) in package '/home/strawberryshadow/Desktop/software-start-here/src/challenge/package.xml':\n"}
[0.765166] (challenge) StderrLine: {'line': b'The manifest contains invalid XML:\n'}
[0.765226] (challenge) StderrLine: {'line': b'mismatched tag: line 20, column 2\n'}
[0.777719] (challenge) StderrLine: {'line': b'CMake Error at /opt/ros/rolling/share/ament_cmake_core/cmake/core/ament_package_xml.cmake:95 (message):\n'}
[0.777877] (challenge) StderrLine: {'line': b'  execute_process(/usr/bin/python3.8\n'}
[0.777918] (challenge) StderrLine: {'line': b'  /opt/ros/rolling/share/ament_cmake_core/cmake/core/package_xml_2_cmake.py\n'}
[0.777959] (challenge) StderrLine: {'line': b'  /home/strawberryshadow/Desktop/software-start-here/src/challenge/package.xml\n'}
[0.777993] (challenge) StderrLine: {'line': b'  /home/strawberryshadow/Desktop/software-start-here/build/challenge/ament_cmake_core/package.cmake)\n'}
[0.778026] (challenge) StderrLine: {'line': b'  returned error code 1\n'}
[0.778058] (challenge) StderrLine: {'line': b'Call Stack (most recent call first):\n'}
[0.778088] (challenge) StderrLine: {'line': b'  /opt/ros/rolling/share/ament_cmake_core/cmake/core/ament_package_xml.cmake:49 (_ament_package_xml)\n'}
[0.778120] (challenge) StderrLine: {'line': b'  /opt/ros/foxy/share/ament_lint_auto/cmake/ament_lint_auto_find_test_dependencies.cmake:31 (ament_package_xml)\n'}
[0.778152] (challenge) StderrLine: {'line': b'  CMakeLists.txt:43 (ament_lint_auto_find_test_dependencies)\n'}
[0.778182] (challenge) StderrLine: {'line': b'\n'}
[0.778212] (challenge) StderrLine: {'line': b'\n'}
[0.778705] (challenge) StdoutLine: {'line': b'-- Configuring incomplete, errors occurred!\n'}
[0.778792] (challenge) StdoutLine: {'line': b'See also "/home/strawberryshadow/Desktop/software-start-here/build/challenge/CMakeFiles/CMakeOutput.log".\n'}
[0.783100] (challenge) StderrLine: {'line': b'make: *** [Makefile:266: cmake_check_build_system] Error 1\n'}
[0.784588] (challenge) CommandEnded: {'returncode': 2}
[0.784925] (challenge) JobEnded: {'identifier': 'challenge', 'rc': 2}
[0.795482] (-) EventReactorShutdown: {}
